// Vitest Snapshot v1, https://vitest.dev/guide/snapshot.html

exports[`App > should render users 1`] = `
<div>
  <div>
    <div>
      <button
        data-testid="edit-btn-1"
      >
        Edit
      </button>
      <button
        data-testid="delete-btn-1"
      >
        Delete
      </button>
    </div>
    <div>
      <b>
        ID:
      </b>
      <span>
        1
      </span>
      <br />
      <b>
        Username:
      </b>
      <span>
        johndoe
      </span>
      <br />
      <b>
        Email:
      </b>
      <span>
        l3X2k@example.com
      </span>
    </div>
  </div>
  <div>
    <div>
      <button
        data-testid="edit-btn-2"
      >
        Edit
      </button>
      <button
        data-testid="delete-btn-2"
      >
        Delete
      </button>
    </div>
    <div>
      <b>
        ID:
      </b>
      <span>
        2
      </span>
      <br />
      <b>
        Username:
      </b>
      <span>
        janedoe
      </span>
      <br />
      <b>
        Email:
      </b>
      <span>
        janedoe@example.com
      </span>
    </div>
  </div>
</div>
`;
